../Core/Src/main.c:120:6:HAL_UART_RxCpltCallback	1
../Core/Src/main.c:173:17:f32_to_f16	3
../Core/Src/main.c:192:14:f16_to_f32	3
../Core/Src/main.c:269:19:MLX_ReadReg	2
../Core/Src/main.c:292:19:MLX_WriteReg	1
../Core/Src/main.c:310:19:MLX_ReadBlock	4
../Core/Src/main.c:352:6:ExtractVDDParameters	2
../Core/Src/main.c:373:6:ExtractPTATParameters	3
../Core/Src/main.c:405:6:ExtractGainParameters	1
../Core/Src/main.c:418:6:ExtractTgcParameters	2
../Core/Src/main.c:431:6:ExtractResolutionParameters	1
../Core/Src/main.c:439:6:ExtractKsTaParameters	2
../Core/Src/main.c:452:6:ExtractKsToParameters	3
../Core/Src/main.c:489:6:ExtractCPParameters	7
../Core/Src/main.c:551:6:ExtractAlphaParameters	18
../Core/Src/main.c:653:6:ExtractOffsetParameters	10
../Core/Src/main.c:724:6:ExtractKtaPixelParameters	15
../Core/Src/main.c:825:6:ExtractKvPixelParameters	18
../Core/Src/main.c:921:6:ExtractCILCParameters	4
../Core/Src/main.c:956:5:CheckAdjacentPixels	7
../Core/Src/main.c:977:5:ExtractDeviatingPixels	19
../Core/Src/main.c:1066:5:MLX90640_ExtractParameters	1
../Core/Src/main.c:1087:5:MLX90640_GetFrameData	11
../Core/Src/main.c:1165:7:MLX90640_GetVdd	2
../Core/Src/main.c:1184:7:MLX90640_GetTa	3
../Core/Src/main.c:1216:6:MLX90640_CalculateTo	19
../Core/Src/main.c:1373:5:MLX90640_getFrame	6
../Core/Src/main.c:1411:5:MLX90640_getRawFrame	3
../Core/Src/main.c:1426:6:MLX90640_diagnostic_test	5
../Core/Src/main.c:1490:6:MLX90640_Dump_EEPROM	2
../Core/Src/main.c:1503:6:MLX90640_InitSensor	18
../Core/Src/main.c:1586:6:I2C_BusRecovery	2
../Core/Src/main.c:1621:5:main	21
../Core/Src/main.c:1853:6:SystemClock_Config	4
../Core/Src/main.c:1903:13:MX_ADC1_Init	4
../Core/Src/main.c:1970:13:MX_I2C1_Init	4
../Core/Src/main.c:2018:13:MX_TIM1_Init	7
../Core/Src/main.c:2098:13:MX_TIM2_Init	7
../Core/Src/main.c:2161:13:MX_TIM3_Init	4
../Core/Src/main.c:2206:13:MX_UART4_Init	2
../Core/Src/main.c:2241:13:MX_UART5_Init	2
../Core/Src/main.c:2276:13:MX_USART2_UART_Init	2
../Core/Src/main.c:2309:13:MX_DMA_Init	1
../Core/Src/main.c:2327:13:MX_GPIO_Init	1
../Core/Src/main.c:2370:6:Error_Handler	1
