../Core/Src/main.c:120:6:HAL_UART_RxCpltCallback	16	static
../Core/Src/main.c:172:17:f32_to_f16	32	static
../Core/Src/main.c:194:14:f16_to_f32	40	static
../Core/Src/main.c:276:19:MLX_ReadReg	48	static
../Core/Src/main.c:298:19:MLX_WriteReg	40	static
../Core/Src/main.c:316:19:MLX_ReadBlock	576	static
../Core/Src/main.c:357:6:ExtractVDDParameters	24	static
../Core/Src/main.c:377:6:ExtractPTATParameters	32	static
../Core/Src/main.c:408:6:ExtractGainParameters	24	static
../Core/Src/main.c:421:6:ExtractTgcParameters	24	static
../Core/Src/main.c:434:6:ExtractResolutionParameters	24	static
../Core/Src/main.c:442:6:ExtractKsTaParameters	24	static
../Core/Src/main.c:455:6:ExtractKsToParameters	32	static
../Core/Src/main.c:491:6:ExtractCPParameters	48	static
../Core/Src/main.c:552:6:ExtractAlphaParameters	192	static
../Core/Src/main.c:657:6:ExtractOffsetParameters	168	static
../Core/Src/main.c:726:6:ExtractKtaPixelParameters	64	static
../Core/Src/main.c:830:6:ExtractKvPixelParameters	64	static
../Core/Src/main.c:927:6:ExtractCILCParameters	32	static
../Core/Src/main.c:962:5:CheckAdjacentPixels	24	static
../Core/Src/main.c:983:5:ExtractDeviatingPixels	32	static
../Core/Src/main.c:1068:5:MLX90640_ExtractParameters	24	static
../Core/Src/main.c:1089:5:MLX90640_GetFrameData	48	static
../Core/Src/main.c:1167:7:MLX90640_GetVdd	32	static
../Core/Src/main.c:1186:7:MLX90640_GetTa	72	static
../Core/Src/main.c:1218:6:MLX90640_CalculateTo	184	static
../Core/Src/main.c:1375:5:MLX90640_getFrame	48	static
../Core/Src/main.c:1418:5:MLX90640_getRawFrame	16	static
../Core/Src/main.c:1435:6:MLX90640_diagnostic_test	152	static
../Core/Src/main.c:1500:6:MLX90640_Dump_EEPROM	48	static
../Core/Src/main.c:1514:6:MLX90640_InitSensor	104	static
../Core/Src/main.c:1609:6:I2C_BusRecovery	32	static
../Core/Src/main.c:1648:5:main	168	static
../Core/Src/main.c:1906:6:SystemClock_Config	96	static
../Core/Src/main.c:1957:13:MX_ADC1_Init	48	static
../Core/Src/main.c:2024:13:MX_I2C1_Init	8	static
../Core/Src/main.c:2072:13:MX_RTC_Init	80	static
../Core/Src/main.c:2155:13:MX_TIM1_Init	112	static
../Core/Src/main.c:2235:13:MX_TIM2_Init	64	static
../Core/Src/main.c:2298:13:MX_TIM3_Init	40	static
../Core/Src/main.c:2343:13:MX_UART4_Init	8	static
../Core/Src/main.c:2378:13:MX_UART5_Init	8	static
../Core/Src/main.c:2413:13:MX_USART2_UART_Init	8	static
../Core/Src/main.c:2446:13:MX_DMA_Init	16	static
../Core/Src/main.c:2464:13:MX_GPIO_Init	48	static
../Core/Src/main.c:2507:6:Error_Handler	4	static,ignoring_inline_asm
