../Core/Src/main.c:118:6:HAL_UART_RxCpltCallback	16	static
../Core/Src/main.c:169:17:f32_to_f16	32	static
../Core/Src/main.c:191:14:f16_to_f32	40	static
../Core/Src/main.c:273:19:MLX_ReadReg	48	static
../Core/Src/main.c:295:19:MLX_WriteReg	40	static
../Core/Src/main.c:313:19:MLX_ReadBlock	576	static
../Core/Src/main.c:354:6:ExtractVDDParameters	24	static
../Core/Src/main.c:374:6:ExtractPTATParameters	32	static
../Core/Src/main.c:405:6:ExtractGainParameters	24	static
../Core/Src/main.c:418:6:ExtractTgcParameters	24	static
../Core/Src/main.c:431:6:ExtractResolutionParameters	24	static
../Core/Src/main.c:439:6:ExtractKsTaParameters	24	static
../Core/Src/main.c:452:6:ExtractKsToParameters	32	static
../Core/Src/main.c:488:6:ExtractCPParameters	48	static
../Core/Src/main.c:549:6:ExtractAlphaParameters	192	static
../Core/Src/main.c:654:6:ExtractOffsetParameters	168	static
../Core/Src/main.c:723:6:ExtractKtaPixelParameters	64	static
../Core/Src/main.c:827:6:ExtractKvPixelParameters	64	static
../Core/Src/main.c:924:6:ExtractCILCParameters	32	static
../Core/Src/main.c:959:5:CheckAdjacentPixels	24	static
../Core/Src/main.c:980:5:ExtractDeviatingPixels	32	static
../Core/Src/main.c:1065:5:MLX90640_ExtractParameters	24	static
../Core/Src/main.c:1086:5:MLX90640_GetFrameData	48	static
../Core/Src/main.c:1164:7:MLX90640_GetVdd	32	static
../Core/Src/main.c:1183:7:MLX90640_GetTa	72	static
../Core/Src/main.c:1215:6:MLX90640_CalculateTo	184	static
../Core/Src/main.c:1372:5:MLX90640_getFrame	80	static
../Core/Src/main.c:1426:5:MLX90640_getRawFrame	16	static
../Core/Src/main.c:1443:6:MLX90640_diagnostic_test	152	static
../Core/Src/main.c:1508:6:MLX90640_Dump_EEPROM	48	static
../Core/Src/main.c:1522:6:MLX90640_InitSensor	104	static
../Core/Src/main.c:1617:6:I2C_BusRecovery	32	static
../Core/Src/main.c:1654:5:main	384	static
../Core/Src/main.c:1895:6:SystemClock_Config	96	static
../Core/Src/main.c:1945:13:MX_ADC1_Init	48	static
../Core/Src/main.c:2012:13:MX_I2C2_Init	8	static
../Core/Src/main.c:2060:13:MX_TIM1_Init	112	static
../Core/Src/main.c:2140:13:MX_TIM2_Init	64	static
../Core/Src/main.c:2203:13:MX_TIM3_Init	40	static
../Core/Src/main.c:2248:13:MX_UART4_Init	8	static
../Core/Src/main.c:2283:13:MX_UART5_Init	8	static
../Core/Src/main.c:2318:13:MX_USART2_UART_Init	8	static
../Core/Src/main.c:2351:13:MX_DMA_Init	16	static
../Core/Src/main.c:2369:13:MX_GPIO_Init	48	static
../Core/Src/main.c:2412:6:Error_Handler	4	static,ignoring_inline_asm
