../Core/Src/main.c:117:6:HAL_UART_RxCpltCallback	16	static
../Core/Src/main.c:154:5:main	400	static
../Core/Src/main.c:350:6:SystemClock_Config	96	static
../Core/Src/main.c:400:13:MX_ADC1_Init	48	static
../Core/Src/main.c:467:13:MX_I2C1_Init	8	static
../Core/Src/main.c:516:13:MX_I2C2_Init	8	static
../Core/Src/main.c:564:13:MX_TIM1_Init	112	static
../Core/Src/main.c:644:13:MX_TIM2_Init	64	static
../Core/Src/main.c:707:13:MX_TIM3_Init	40	static
../Core/Src/main.c:752:13:MX_UART4_Init	8	static
../Core/Src/main.c:787:13:MX_USART2_UART_Init	8	static
../Core/Src/main.c:820:13:MX_DMA_Init	16	static
../Core/Src/main.c:838:13:MX_GPIO_Init	48	static
../Core/Src/main.c:880:6:Error_Handler	4	static,ignoring_inline_asm
