../Core/Src/main.c:125:6:HAL_UART_RxCpltCallback	16	static
../Core/Src/main.c:176:17:f32_to_f16	32	static
../Core/Src/main.c:198:14:f16_to_f32	40	static
../Core/Src/main.c:280:19:MLX_ReadReg	48	static
../Core/Src/main.c:302:19:MLX_WriteReg	40	static
../Core/Src/main.c:320:19:MLX_ReadBlock	576	static
../Core/Src/main.c:361:6:ExtractVDDParameters	24	static
../Core/Src/main.c:381:6:ExtractPTATParameters	32	static
../Core/Src/main.c:412:6:ExtractGainParameters	24	static
../Core/Src/main.c:425:6:ExtractTgcParameters	24	static
../Core/Src/main.c:438:6:ExtractResolutionParameters	24	static
../Core/Src/main.c:446:6:ExtractKsTaParameters	24	static
../Core/Src/main.c:459:6:ExtractKsToParameters	32	static
../Core/Src/main.c:495:6:ExtractCPParameters	48	static
../Core/Src/main.c:556:6:ExtractAlphaParameters	192	static
../Core/Src/main.c:661:6:ExtractOffsetParameters	168	static
../Core/Src/main.c:730:6:ExtractKtaPixelParameters	64	static
../Core/Src/main.c:834:6:ExtractKvPixelParameters	64	static
../Core/Src/main.c:931:6:ExtractCILCParameters	32	static
../Core/Src/main.c:966:5:CheckAdjacentPixels	24	static
../Core/Src/main.c:987:5:ExtractDeviatingPixels	32	static
../Core/Src/main.c:1072:5:MLX90640_ExtractParameters	24	static
../Core/Src/main.c:1093:5:MLX90640_GetFrameData	48	static
../Core/Src/main.c:1171:7:MLX90640_GetVdd	32	static
../Core/Src/main.c:1190:7:MLX90640_GetTa	72	static
../Core/Src/main.c:1222:6:MLX90640_CalculateTo	184	static
../Core/Src/main.c:1379:5:MLX90640_getFrame	80	static
../Core/Src/main.c:1433:5:MLX90640_getRawFrame	16	static
../Core/Src/main.c:1450:6:MLX90640_diagnostic_test	152	static
../Core/Src/main.c:1515:6:MLX90640_Dump_EEPROM	48	static
../Core/Src/main.c:1529:6:MLX90640_InitSensor	104	static
../Core/Src/main.c:1624:6:I2C_BusRecovery	32	static
../Core/Src/main.c:1661:5:main	384	static
../Core/Src/main.c:1901:6:SystemClock_Config	96	static
../Core/Src/main.c:1951:13:MX_ADC1_Init	48	static
../Core/Src/main.c:2018:13:MX_I2C2_Init	8	static
../Core/Src/main.c:2066:13:MX_TIM1_Init	112	static
../Core/Src/main.c:2146:13:MX_TIM2_Init	64	static
../Core/Src/main.c:2209:13:MX_TIM3_Init	40	static
../Core/Src/main.c:2254:13:MX_UART4_Init	8	static
../Core/Src/main.c:2289:13:MX_UART5_Init	8	static
../Core/Src/main.c:2324:13:MX_USART2_UART_Init	8	static
../Core/Src/main.c:2357:13:MX_DMA_Init	16	static
../Core/Src/main.c:2375:13:MX_GPIO_Init	48	static
../Core/Src/main.c:2418:6:Error_Handler	4	static,ignoring_inline_asm
