../Core/Src/main.c:122:6:HAL_UART_RxCpltCallback	1
../Core/Src/main.c:173:17:f32_to_f16	3
../Core/Src/main.c:195:14:f16_to_f32	3
../Core/Src/main.c:277:19:MLX_ReadReg	2
../Core/Src/main.c:299:19:MLX_WriteReg	1
../Core/Src/main.c:317:19:MLX_ReadBlock	4
../Core/Src/main.c:358:6:ExtractVDDParameters	2
../Core/Src/main.c:378:6:ExtractPTATParameters	3
../Core/Src/main.c:409:6:ExtractGainParameters	1
../Core/Src/main.c:422:6:ExtractTgcParameters	2
../Core/Src/main.c:435:6:ExtractResolutionParameters	1
../Core/Src/main.c:443:6:ExtractKsTaParameters	2
../Core/Src/main.c:456:6:ExtractKsToParameters	3
../Core/Src/main.c:492:6:ExtractCPParameters	7
../Core/Src/main.c:553:6:ExtractAlphaParameters	18
../Core/Src/main.c:658:6:ExtractOffsetParameters	10
../Core/Src/main.c:727:6:ExtractKtaPixelParameters	15
../Core/Src/main.c:831:6:ExtractKvPixelParameters	18
../Core/Src/main.c:928:6:ExtractCILCParameters	4
../Core/Src/main.c:963:5:CheckAdjacentPixels	7
../Core/Src/main.c:984:5:ExtractDeviatingPixels	19
../Core/Src/main.c:1069:5:MLX90640_ExtractParameters	1
../Core/Src/main.c:1090:5:MLX90640_GetFrameData	11
../Core/Src/main.c:1168:7:MLX90640_GetVdd	2
../Core/Src/main.c:1187:7:MLX90640_GetTa	3
../Core/Src/main.c:1219:6:MLX90640_CalculateTo	19
../Core/Src/main.c:1376:5:MLX90640_getFrame	7
../Core/Src/main.c:1430:5:MLX90640_getRawFrame	3
../Core/Src/main.c:1447:6:MLX90640_diagnostic_test	5
../Core/Src/main.c:1512:6:MLX90640_Dump_EEPROM	2
../Core/Src/main.c:1526:6:MLX90640_InitSensor	18
../Core/Src/main.c:1621:6:I2C_BusRecovery	2
../Core/Src/main.c:1658:5:main	24
../Core/Src/main.c:1899:6:SystemClock_Config	4
../Core/Src/main.c:1949:13:MX_ADC1_Init	4
../Core/Src/main.c:2016:13:MX_I2C2_Init	4
../Core/Src/main.c:2064:13:MX_TIM1_Init	7
../Core/Src/main.c:2144:13:MX_TIM2_Init	7
../Core/Src/main.c:2207:13:MX_TIM3_Init	4
../Core/Src/main.c:2252:13:MX_UART4_Init	2
../Core/Src/main.c:2287:13:MX_UART5_Init	2
../Core/Src/main.c:2322:13:MX_USART2_UART_Init	2
../Core/Src/main.c:2355:13:MX_DMA_Init	1
../Core/Src/main.c:2373:13:MX_GPIO_Init	1
../Core/Src/main.c:2416:6:Error_Handler	1
