../Core/Src/main.c:120:6:HAL_UART_RxCpltCallback	16	static
../Core/Src/main.c:173:17:f32_to_f16	32	static
../Core/Src/main.c:192:14:f16_to_f32	40	static
../Core/Src/main.c:269:19:MLX_ReadReg	48	static
../Core/Src/main.c:292:19:MLX_WriteReg	40	static
../Core/Src/main.c:310:19:MLX_ReadBlock	576	static
../Core/Src/main.c:352:6:ExtractVDDParameters	24	static
../Core/Src/main.c:373:6:ExtractPTATParameters	32	static
../Core/Src/main.c:405:6:ExtractGainParameters	24	static
../Core/Src/main.c:418:6:ExtractTgcParameters	24	static
../Core/Src/main.c:431:6:ExtractResolutionParameters	24	static
../Core/Src/main.c:439:6:ExtractKsTaParameters	24	static
../Core/Src/main.c:452:6:ExtractKsToParameters	32	static
../Core/Src/main.c:489:6:ExtractCPParameters	48	static
../Core/Src/main.c:551:6:ExtractAlphaParameters	192	static
../Core/Src/main.c:653:6:ExtractOffsetParameters	168	static
../Core/Src/main.c:724:6:ExtractKtaPixelParameters	64	static
../Core/Src/main.c:825:6:ExtractKvPixelParameters	64	static
../Core/Src/main.c:921:6:ExtractCILCParameters	32	static
../Core/Src/main.c:956:5:CheckAdjacentPixels	24	static
../Core/Src/main.c:977:5:ExtractDeviatingPixels	32	static
../Core/Src/main.c:1066:5:MLX90640_ExtractParameters	24	static
../Core/Src/main.c:1087:5:MLX90640_GetFrameData	48	static
../Core/Src/main.c:1165:7:MLX90640_GetVdd	32	static
../Core/Src/main.c:1184:7:MLX90640_GetTa	72	static
../Core/Src/main.c:1216:6:MLX90640_CalculateTo	184	static
../Core/Src/main.c:1373:5:MLX90640_getFrame	40	static
../Core/Src/main.c:1411:5:MLX90640_getRawFrame	16	static
../Core/Src/main.c:1426:6:MLX90640_diagnostic_test	152	static
../Core/Src/main.c:1490:6:MLX90640_Dump_EEPROM	48	static
../Core/Src/main.c:1503:6:MLX90640_InitSensor	104	static
../Core/Src/main.c:1586:6:I2C_BusRecovery	32	static
../Core/Src/main.c:1621:5:main	616	static
../Core/Src/main.c:1848:6:SystemClock_Config	96	static
../Core/Src/main.c:1898:13:MX_ADC1_Init	48	static
../Core/Src/main.c:1965:13:MX_I2C1_Init	8	static
../Core/Src/main.c:2013:13:MX_TIM1_Init	112	static
../Core/Src/main.c:2093:13:MX_TIM2_Init	64	static
../Core/Src/main.c:2156:13:MX_TIM3_Init	40	static
../Core/Src/main.c:2201:13:MX_UART4_Init	8	static
../Core/Src/main.c:2236:13:MX_UART5_Init	8	static
../Core/Src/main.c:2271:13:MX_USART2_UART_Init	8	static
../Core/Src/main.c:2304:13:MX_DMA_Init	16	static
../Core/Src/main.c:2322:13:MX_GPIO_Init	48	static
../Core/Src/main.c:2365:6:Error_Handler	4	static,ignoring_inline_asm
