../Core/Src/main.c:118:6:HAL_UART_RxCpltCallback	16	static
../Core/Src/main.c:169:17:f32_to_f16	32	static
../Core/Src/main.c:191:14:f16_to_f32	40	static
../Core/Src/main.c:273:19:MLX_ReadReg	48	static
../Core/Src/main.c:295:19:MLX_WriteReg	40	static
../Core/Src/main.c:313:19:MLX_ReadBlock	576	static
../Core/Src/main.c:354:6:ExtractVDDParameters	24	static
../Core/Src/main.c:374:6:ExtractPTATParameters	32	static
../Core/Src/main.c:405:6:ExtractGainParameters	24	static
../Core/Src/main.c:418:6:ExtractTgcParameters	24	static
../Core/Src/main.c:431:6:ExtractResolutionParameters	24	static
../Core/Src/main.c:439:6:ExtractKsTaParameters	24	static
../Core/Src/main.c:452:6:ExtractKsToParameters	32	static
../Core/Src/main.c:488:6:ExtractCPParameters	48	static
../Core/Src/main.c:549:6:ExtractAlphaParameters	192	static
../Core/Src/main.c:654:6:ExtractOffsetParameters	168	static
../Core/Src/main.c:723:6:ExtractKtaPixelParameters	64	static
../Core/Src/main.c:827:6:ExtractKvPixelParameters	64	static
../Core/Src/main.c:924:6:ExtractCILCParameters	32	static
../Core/Src/main.c:959:5:CheckAdjacentPixels	24	static
../Core/Src/main.c:980:5:ExtractDeviatingPixels	32	static
../Core/Src/main.c:1065:5:MLX90640_ExtractParameters	24	static
../Core/Src/main.c:1086:5:MLX90640_GetFrameData	48	static
../Core/Src/main.c:1164:7:MLX90640_GetVdd	32	static
../Core/Src/main.c:1183:7:MLX90640_GetTa	72	static
../Core/Src/main.c:1215:6:MLX90640_CalculateTo	184	static
../Core/Src/main.c:1372:5:MLX90640_getFrame	48	static
../Core/Src/main.c:1415:5:MLX90640_getRawFrame	16	static
../Core/Src/main.c:1432:6:MLX90640_diagnostic_test	152	static
../Core/Src/main.c:1497:6:MLX90640_Dump_EEPROM	48	static
../Core/Src/main.c:1511:6:MLX90640_InitSensor	104	static
../Core/Src/main.c:1606:6:I2C_BusRecovery	32	static
../Core/Src/main.c:1643:5:main	384	static
../Core/Src/main.c:1879:6:SystemClock_Config	96	static
../Core/Src/main.c:1928:13:MX_ADC1_Init	48	static
../Core/Src/main.c:1994:13:MX_I2C1_Init	8	static
../Core/Src/main.c:2041:13:MX_TIM1_Init	112	static
../Core/Src/main.c:2120:13:MX_TIM2_Init	64	static
../Core/Src/main.c:2182:13:MX_TIM3_Init	40	static
../Core/Src/main.c:2226:13:MX_UART4_Init	8	static
../Core/Src/main.c:2260:13:MX_UART5_Init	8	static
../Core/Src/main.c:2294:13:MX_USART2_UART_Init	8	static
../Core/Src/main.c:2326:13:MX_DMA_Init	16	static
../Core/Src/main.c:2343:13:MX_GPIO_Init	48	static
../Core/Src/main.c:2386:6:Error_Handler	4	static,ignoring_inline_asm
