../Core/Src/main.c:120:6:HAL_UART_RxCpltCallback	16	static
../Core/Src/main.c:173:17:f32_to_f16	32	static
../Core/Src/main.c:195:14:f16_to_f32	40	static
../Core/Src/main.c:275:19:MLX_ReadReg	48	static
../Core/Src/main.c:297:19:MLX_WriteReg	40	static
../Core/Src/main.c:315:19:MLX_ReadBlock	120	static
../Core/Src/main.c:354:6:ExtractVDDParameters	24	static
../Core/Src/main.c:374:6:ExtractPTATParameters	32	static
../Core/Src/main.c:405:6:ExtractGainParameters	24	static
../Core/Src/main.c:418:6:ExtractTgcParameters	24	static
../Core/Src/main.c:431:6:ExtractResolutionParameters	24	static
../Core/Src/main.c:439:6:ExtractKsTaParameters	24	static
../Core/Src/main.c:452:6:ExtractKsToParameters	32	static
../Core/Src/main.c:488:6:ExtractCPParameters	48	static
../Core/Src/main.c:549:6:ExtractAlphaParameters	192	static
../Core/Src/main.c:654:6:ExtractOffsetParameters	168	static
../Core/Src/main.c:723:6:ExtractKtaPixelParameters	64	static
../Core/Src/main.c:827:6:ExtractKvPixelParameters	64	static
../Core/Src/main.c:924:6:ExtractCILCParameters	32	static
../Core/Src/main.c:959:5:CheckAdjacentPixels	24	static
../Core/Src/main.c:980:5:ExtractDeviatingPixels	32	static
../Core/Src/main.c:1065:5:MLX90640_ExtractParameters	24	static
../Core/Src/main.c:1086:5:MLX90640_GetFrameData	24	static
../Core/Src/main.c:1146:7:MLX90640_GetVdd	32	static
../Core/Src/main.c:1165:7:MLX90640_GetTa	40	static
../Core/Src/main.c:1193:6:MLX90640_CalculateTo	152	static
../Core/Src/main.c:1346:5:MLX90640_getFrame	32	static
../Core/Src/main.c:1372:5:MLX90640_getRawFrame	16	static
../Core/Src/main.c:1389:6:MLX90640_diagnostic_test	152	static
../Core/Src/main.c:1455:6:MLX90640_Dump_EEPROM	48	static
../Core/Src/main.c:1469:6:MLX90640_InitSensor	64	static
../Core/Src/main.c:1567:5:main	616	static
../Core/Src/main.c:1803:6:SystemClock_Config	96	static
../Core/Src/main.c:1853:13:MX_ADC1_Init	48	static
../Core/Src/main.c:1920:13:MX_I2C1_Init	8	static
../Core/Src/main.c:1968:13:MX_TIM1_Init	112	static
../Core/Src/main.c:2048:13:MX_TIM2_Init	64	static
../Core/Src/main.c:2111:13:MX_TIM3_Init	40	static
../Core/Src/main.c:2156:13:MX_UART4_Init	8	static
../Core/Src/main.c:2191:13:MX_UART5_Init	8	static
../Core/Src/main.c:2226:13:MX_USART2_UART_Init	8	static
../Core/Src/main.c:2259:13:MX_DMA_Init	16	static
../Core/Src/main.c:2277:13:MX_GPIO_Init	48	static
../Core/Src/main.c:2320:6:Error_Handler	4	static,ignoring_inline_asm
