../Core/Src/main.c:122:6:HAL_UART_RxCpltCallback	16	static
../Core/Src/main.c:173:17:f32_to_f16	32	static
../Core/Src/main.c:195:14:f16_to_f32	40	static
../Core/Src/main.c:277:19:MLX_ReadReg	48	static
../Core/Src/main.c:299:19:MLX_WriteReg	40	static
../Core/Src/main.c:317:19:MLX_ReadBlock	576	static
../Core/Src/main.c:358:6:ExtractVDDParameters	24	static
../Core/Src/main.c:378:6:ExtractPTATParameters	32	static
../Core/Src/main.c:409:6:ExtractGainParameters	24	static
../Core/Src/main.c:422:6:ExtractTgcParameters	24	static
../Core/Src/main.c:435:6:ExtractResolutionParameters	24	static
../Core/Src/main.c:443:6:ExtractKsTaParameters	24	static
../Core/Src/main.c:456:6:ExtractKsToParameters	32	static
../Core/Src/main.c:492:6:ExtractCPParameters	48	static
../Core/Src/main.c:553:6:ExtractAlphaParameters	192	static
../Core/Src/main.c:658:6:ExtractOffsetParameters	168	static
../Core/Src/main.c:727:6:ExtractKtaPixelParameters	64	static
../Core/Src/main.c:831:6:ExtractKvPixelParameters	64	static
../Core/Src/main.c:928:6:ExtractCILCParameters	32	static
../Core/Src/main.c:963:5:CheckAdjacentPixels	24	static
../Core/Src/main.c:984:5:ExtractDeviatingPixels	32	static
../Core/Src/main.c:1069:5:MLX90640_ExtractParameters	24	static
../Core/Src/main.c:1090:5:MLX90640_GetFrameData	48	static
../Core/Src/main.c:1168:7:MLX90640_GetVdd	32	static
../Core/Src/main.c:1187:7:MLX90640_GetTa	72	static
../Core/Src/main.c:1219:6:MLX90640_CalculateTo	184	static
../Core/Src/main.c:1376:5:MLX90640_getFrame	80	static
../Core/Src/main.c:1430:5:MLX90640_getRawFrame	16	static
../Core/Src/main.c:1447:6:MLX90640_diagnostic_test	152	static
../Core/Src/main.c:1512:6:MLX90640_Dump_EEPROM	48	static
../Core/Src/main.c:1526:6:MLX90640_InitSensor	104	static
../Core/Src/main.c:1621:6:I2C_BusRecovery	32	static
../Core/Src/main.c:1658:5:main	384	static
../Core/Src/main.c:1899:6:SystemClock_Config	96	static
../Core/Src/main.c:1949:13:MX_ADC1_Init	48	static
../Core/Src/main.c:2016:13:MX_I2C2_Init	8	static
../Core/Src/main.c:2064:13:MX_TIM1_Init	112	static
../Core/Src/main.c:2144:13:MX_TIM2_Init	64	static
../Core/Src/main.c:2207:13:MX_TIM3_Init	40	static
../Core/Src/main.c:2252:13:MX_UART4_Init	8	static
../Core/Src/main.c:2287:13:MX_UART5_Init	8	static
../Core/Src/main.c:2322:13:MX_USART2_UART_Init	8	static
../Core/Src/main.c:2355:13:MX_DMA_Init	16	static
../Core/Src/main.c:2373:13:MX_GPIO_Init	48	static
../Core/Src/main.c:2416:6:Error_Handler	4	static,ignoring_inline_asm
