../Core/Src/mlx90640.c:44:6:MLX90640_SetI2C	16	static
../Core/Src/mlx90640.c:53:10:f32_to_f16	32	static
../Core/Src/mlx90640.c:67:7:f16_to_f32	40	static
../Core/Src/mlx90640.c:87:19:MLX_ReadReg	40	static
../Core/Src/mlx90640.c:98:19:MLX_WriteReg	40	static
../Core/Src/mlx90640.c:106:19:MLX_ReadBlock	112	static
../Core/Src/mlx90640.c:136:13:ExtractVDDParameters	24	static
../Core/Src/mlx90640.c:149:13:ExtractPTATParameters	32	static
../Core/Src/mlx90640.c:168:13:ExtractGainParameters	24	static
../Core/Src/mlx90640.c:175:13:ExtractTgcParameters	24	static
../Core/Src/mlx90640.c:182:13:ExtractResolutionParameters	16	static
../Core/Src/mlx90640.c:187:13:ExtractKsTaParameters	24	static
../Core/Src/mlx90640.c:194:13:ExtractKsToParameters	32	static
../Core/Src/mlx90640.c:219:13:ExtractCPParameters	48	static
../Core/Src/mlx90640.c:256:13:ExtractAlphaParameters	192	static
../Core/Src/mlx90640.c:314:13:ExtractOffsetParameters	168	static
../Core/Src/mlx90640.c:357:13:ExtractKtaPixelParameters	72	static
../Core/Src/mlx90640.c:395:13:ExtractKvPixelParameters	72	static
../Core/Src/mlx90640.c:429:13:ExtractCILCParameters	32	static
../Core/Src/mlx90640.c:443:12:CheckAdjacentPixels	24	static
../Core/Src/mlx90640.c:451:12:ExtractDeviatingPixels	48	static
../Core/Src/mlx90640.c:486:5:MLX90640_ExtractParameters	16	static
../Core/Src/mlx90640.c:508:5:MLX90640_GetFrameData	16	static
../Core/Src/mlx90640.c:557:7:MLX90640_GetVdd	32	static
../Core/Src/mlx90640.c:567:7:MLX90640_GetTa	24	static
../Core/Src/mlx90640.c:578:6:MLX90640_CalculateTo	136	static
../Core/Src/mlx90640.c:656:5:MLX90640_getFrame	32	static
../Core/Src/mlx90640.c:678:5:MLX90640_getRawFrame	16	static
../Core/Src/mlx90640.c:693:6:MLX90640_InitSensor	56	static
../Core/Src/mlx90640.c:741:6:MLX90640_diagnostic_test	152	static
../Core/Src/mlx90640.c:793:6:MLX90640_Dump_EEPROM	48	static
